
> agentforge-xt@1.0.0 build
> next build

  Ôû▓ Next.js 14.2.33
  - Environments: .env.local

   Creating an optimized production build ...
 Ô£ô Compiled successfully
   Linting and checking validity of types ...
node.exe : 
At line:1 char:1
+ & "C:\Program 
Files\nodejs/node.exe" "C:\Program 
Files\nodejs/node_mo ...
+ ~~~~~~~~~~~~~~~~~~~~~~~~~~~~~~~~~~~~
~~~~~~~~~~~~~~~~~~~~~~~~~~~~~~~~~
    + CategoryInfo          : NotSpec 
   ified: (:String) [], RemoteExcept  
  ion
    + FullyQualifiedErrorId : NativeC 
   ommandError
 
Failed to compile.

./src/app/terms/page.tsx
29:96  Error: `"` can be escaped with 
`&quot;`, `&ldquo;`, `&#34;`, 
`&rdquo;`.  
react/no-unescaped-entities
29:104  Error: `"` can be escaped 
with `&quot;`, `&ldquo;`, `&#34;`, 
`&rdquo;`.  
react/no-unescaped-entities

./src/app/workflow/new/page.tsx
546:101  Error: `"` can be escaped 
with `&quot;`, `&ldquo;`, `&#34;`, 
`&rdquo;`.  
react/no-unescaped-entities
546:111  Error: `"` can be escaped 
with `&quot;`, `&ldquo;`, `&#34;`, 
`&rdquo;`.  
react/no-unescaped-entities

info  - Need to disable some ESLint 
rules? Learn more here: https://nextjs
.org/docs/basic-features/eslint#disabl
ing-rules
