node.exe : FAIL 
tests/integration/execution.test.ts
At line:1 char:1
+ & "C:\Program 
Files\nodejs/node.exe" "C:\Program 
Files\nodejs/node_mo ...
+ ~~~~~~~~~~~~~~~~~~~~~~~~~~~~~~~~~~~~
~~~~~~~~~~~~~~~~~~~~~~~~~~~~~~~~~
    + CategoryInfo          : NotSpec 
   ified: (FAIL tests/integration/ex  
  ecution.test.ts:String) [], Remot   
 eException
    + FullyQualifiedErrorId : NativeC 
   ommandError
 
  ÔùÅ Test suite failed to run

    ReferenceError: Request is not 
defined

    [0m [90m  9 |[39m ) {
     [90m 10 |[39m     
[36mtry[39m {
    [31m[1m>[22m[39m[90m 11 
|[39m         [36mif[39m 
([33m![39misSupabaseConfigured 
[33m||[39m [33m![39msupabase) {
     [90m    |[39m                 
[31m[1m^[22m[39m
     [90m 12 |[39m             
[36mreturn[39m 
[33mNextResponse[39m[33m.[39mjson(
     [90m 13 |[39m                 
{ error[33m:[39m [32m"Database not 
configured"[39m }[33m,[39m
     [90m 14 |[39m                 
{ status[33m:[39m [35m503[39m 
}[0m

      at Object.Request (node_modules/
next/src/server/web/spec-extension/req
uest.ts:15:34)
      at Object.<anonymous> 
(node_modules/next/server.js:2:16)
      at Object.<anonymous> (src/app/a
pi/workflows/[id]/execute/route.ts:11:
17)
      at Object.<anonymous> (tests/int
egration/execution.test.ts:26:16)

Test Suites: 1 failed, 1 total
Tests:       0 total
Snapshots:   0 total
Time:        2.744 s
Ran all test suites matching /tests\\i
ntegration\\execution.test.ts/i.
